<html>
<body>
<pre>
<h1>µVision Build Log</h1>
<h2>Tool Versions:</h2>
IDE-Version: µVision V5.26.2.0
Copyright (C) 2018 ARM Ltd and ARM Germany GmbH. All rights reserved.
License Information: David Nasr, Engineering, LIC=----
 
Tool Versions:
Toolchain:       MDK-Lite  Version: 5.26.2.0
Toolchain Path:  C:\Keil_v5\ARM\ARMCC\Bin
C Compiler:      Armcc.exe V5.06 update 6 (build 750)
Assembler:       Armasm.exe V5.06 update 6 (build 750)
Linker/Locator:  ArmLink.exe V5.06 update 6 (build 750)
Library Manager: ArmAr.exe V5.06 update 6 (build 750)
Hex Converter:   FromElf.exe V5.06 update 6 (build 750)
CPU DLL:         SARMCM3.DLL V5.26.2.0
Dialog DLL:      DCM.DLL V1.17.2.0
Target DLL:      lmidk-agdi.dll V???
Dialog DLL:      TCM.DLL V1.36.1.0
 
<h2>Project:</h2>
D:\David\4th communication\2nd term\Microprocessor 2\Final Project\ram\ARM Project\TestGPIO.uvproj
Project File Date:  02/14/2020

<h2>Output:</h2>
*** Using Compiler 'V5.06 update 6 (build 750)', folder: 'C:\Keil_v5\ARM\ARMCC\Bin'
Rebuild target 'Target 1'
assembling startup_rvmdk.S...
compiling Port_Lcfg.c...
compiling main.c...
compiling Gpio.c...
Gpio.c(17): warning:  #188-D: enumerated type mixed with another type
  		 currentPort = channel/8;
Gpio.c(18): warning:  #188-D: enumerated type mixed with another type
  		 currentChannel = channel%8;
Gpio.c(22): warning:  #188-D: enumerated type mixed with another type
  			currentChannel = channel - 32;
Gpio.c(26): warning:  #188-D: enumerated type mixed with another type
  				currentChannel = channel - 38;	
Gpio.c(47): warning:  #188-D: enumerated type mixed with another type
  	GPIO_LevelType channelValue = 0;
Gpio.c(51): warning:  #188-D: enumerated type mixed with another type
  		 currentPort = ChannelId/8;
Gpio.c(52): warning:  #188-D: enumerated type mixed with another type
  		 currentChannel = ChannelId%8;
Gpio.c(56): warning:  #188-D: enumerated type mixed with another type
  			currentChannel = ChannelId - 32;
Gpio.c(60): warning:  #188-D: enumerated type mixed with another type
  				currentChannel = ChannelId - 38;	
Gpio.c(66): warning:  #188-D: enumerated type mixed with another type
  		channelValue = GET_BIT(GPIO -> DATA,currentChannel);
Gpio.c: 10 warnings, 0 errors
compiling Utils.c...
compiling Lcd.c...
linking...
Program Size: Code=2050 RO-data=102 RW-data=0 ZI-data=352  
".\Objects\TestGPIO.axf" - 0 Error(s), 10 Warning(s).
Build Time Elapsed:  00:00:06
</pre>
</body>
</html>
